[09:14:11] [INFO] ==============================================================
[09:14:11] [INFO]   FLYPOSE-SAR — TRAINING INCREMENTALE (FASE 1)
[09:14:11] [INFO] ==============================================================
[09:14:11] [INFO]   Device      : cuda:0
[09:14:11] [INFO]   GPU         : NVIDIA GeForce RTX 2060
[09:14:11] [INFO]   VRAM totale : 6.4 GB
[09:14:11] [INFO]   Esperimenti : 1
[09:14:11] [INFO] 
[09:14:11] [INFO] ==============================================================
[09:14:11] [INFO]   YOLO11n-Pose — Nano
[09:14:11] [INFO]   Run : fase1_nano_20260603_091411
[09:14:11] [INFO]   Epoche: 50  Batch: 16  imgsz: 640
[09:14:11] [INFO]   Note: Modello piu' leggero. Valida rapidamente il dataset e la pipeline.
[09:14:11] [INFO] ==============================================================
[09:14:12] [ERROR]   [ERRORE] fase1_nano: Dataset 'data.yaml' error  Dataset 'data.yaml' images not found, missing path 'C:\Users\MATTIA-DAGOSTINO\Desktop\Drone_SAR_RealTime\datasets\dataset_sar\images\val'
Note dataset download directory is 'C:\Users\MATTIA-DAGOSTINO\Desktop\Drone_SAR_RealTime\datasets'. You can update this in 'C:\Users\MATTIA-D'AGOSTINO\AppData\Roaming\Ultralytics\settings.json'
Traceback (most recent call last):
  File "C:\Users\MATTIA-D'AGOSTINO\Desktop\Drone_SAR_RealTime\venv\Lib\site-packages\ultralytics\engine\trainer.py", line 714, in get_dataset
    data = check_det_dataset(self.args.data)
           ^^^^^^^^^^^^^^^^^^^^^^^^^^^^^^^^^
  File "C:\Users\MATTIA-D'AGOSTINO\Desktop\Drone_SAR_RealTime\venv\Lib\site-packages\ultralytics\data\utils.py", line 531, in check_det_dataset
    raise FileNotFoundError(m)
FileNotFoundError: Dataset 'data.yaml' images not found, missing path 'C:\Users\MATTIA-DAGOSTINO\Desktop\Drone_SAR_RealTime\datasets\dataset_sar\images\val'
Note dataset download directory is 'C:\Users\MATTIA-DAGOSTINO\Desktop\Drone_SAR_RealTime\datasets'. You can update this in 'C:\Users\MATTIA-D'AGOSTINO\AppData\Roaming\Ultralytics\settings.json'

The above exception was the direct cause of the following exception:

Traceback (most recent call last):
  File "C:\Users\MATTIA-D'AGOSTINO\Desktop\Drone_SAR_RealTime\src\train.py", line 200, in run_experiment
    results = model.train(
              ^^^^^^^^^^^^
  File "C:\Users\MATTIA-D'AGOSTINO\Desktop\Drone_SAR_RealTime\venv\Lib\site-packages\ultralytics\engine\model.py", line 783, in train
    self.trainer = (trainer or self._smart_load("trainer"))(overrides=args, _callbacks=self.callbacks)
                   ^^^^^^^^^^^^^^^^^^^^^^^^^^^^^^^^^^^^^^^^^^^^^^^^^^^^^^^^^^^^^^^^^^^^^^^^^^^^^^^^^^^
  File "C:\Users\MATTIA-D'AGOSTINO\Desktop\Drone_SAR_RealTime\venv\Lib\site-packages\ultralytics\models\yolo\pose\train.py", line 56, in __init__
    super().__init__(cfg, overrides, _callbacks)
  File "C:\Users\MATTIA-D'AGOSTINO\Desktop\Drone_SAR_RealTime\venv\Lib\site-packages\ultralytics\models\yolo\detect\train.py", line 63, in __init__
    super().__init__(cfg, overrides, _callbacks)
  File "C:\Users\MATTIA-D'AGOSTINO\Desktop\Drone_SAR_RealTime\venv\Lib\site-packages\ultralytics\engine\trainer.py", line 186, in __init__
    self.data = self.get_dataset()
                ^^^^^^^^^^^^^^^^^^
  File "C:\Users\MATTIA-D'AGOSTINO\Desktop\Drone_SAR_RealTime\venv\Lib\site-packages\ultralytics\models\yolo\pose\train.py", line 114, in get_dataset
    data = super().get_dataset()
           ^^^^^^^^^^^^^^^^^^^^^
  File "C:\Users\MATTIA-D'AGOSTINO\Desktop\Drone_SAR_RealTime\venv\Lib\site-packages\ultralytics\engine\trainer.py", line 718, in get_dataset
    raise RuntimeError(emojis(f"Dataset '{clean_url(self.args.data)}' error ❌ {e}")) from e
RuntimeError: Dataset 'data.yaml' error  Dataset 'data.yaml' images not found, missing path 'C:\Users\MATTIA-DAGOSTINO\Desktop\Drone_SAR_RealTime\datasets\dataset_sar\images\val'
Note dataset download directory is 'C:\Users\MATTIA-DAGOSTINO\Desktop\Drone_SAR_RealTime\datasets'. You can update this in 'C:\Users\MATTIA-D'AGOSTINO\AppData\Roaming\Ultralytics\settings.json'
[09:14:12] [INFO] 
[09:14:12] [INFO] ==============================================================
[09:14:12] [INFO]   CONFRONTO FINALE FASE 1
[09:14:12] [INFO] ==============================================================
[09:14:12] [INFO]   Modello                          BoxmAP50  PosemAP50
[09:14:12] [INFO]   ----------------------------------------------------
[09:14:12] [INFO] ==============================================================
[09:14:12] [INFO]   Report: C:\Users\MATTIA-D'AGOSTINO\Desktop\Drone_SAR_RealTime\runs\fase1\comparison_report_20260603_091412.json
[09:14:12] [INFO]   Esegui plot_metrics.py per i grafici.
[09:14:12] [INFO] 
[DONE] Training Fase 1 completato.
